// Jest Snapshot v1, https://goo.gl/fbAQLP

exports[`ColorStrip component with empty props ColorStrip Snapshot with empty props 1`] = `""`;

exports[`ColorStrip component with props ColorStrip Snapshot with props 1`] = `
<ul
  className="color-info__strip"
>
  <li
    className="color-info__strip-location"
  >
    <span
      className="color-info__strip-location-name"
    >
      102
    </span>
  </li>
  <withRouter(ColorStripSwatch)
    active={true}
    color={
      Object {
        "blue": 219,
        "brandKey": "SW",
        "colorFamilyNames": Array [
          "Red",
        ],
        "colorNumber": "6561",
        "coordinatingColors": Object {
          "coord1ColorId": "2250",
          "coord2ColorId": "1926",
          "whiteColorId": "2681",
        },
        "description": Array [
          "Subdued",
          "Muted",
          "Brilliant",
          "Radiant",
        ],
        "green": 209,
        "hex": "#ebd1db",
        "hue": 0.935897435897436,
        "id": "2248",
        "isDark": false,
        "isExterior": true,
        "isInterior": true,
        "lightness": 0.8705882352941177,
        "lrv": 68.551,
        "name": "Teaberry",
        "red": 235,
        "saturation": 0.39393939393939387,
        "similarColors": Array [
          "2255",
          "2262",
          "2269",
          "2662",
          "2535",
          "2276",
          "2658",
          "1974",
          "2543",
          "2531",
        ],
        "storeStripLocator": "102-C1",
      }
    }
    key="2248"
  />
  <withRouter(ColorStripSwatch)
    active={false}
    color={
      Object {
        "blue": 207,
        "brandKey": "SW",
        "brandedCollectionNames": Array [
          "Kids' Colors",
        ],
        "colorFamilyNames": Array [
          "Red",
        ],
        "colorNumber": "6562",
        "coordinatingColors": Object {
          "coord1ColorId": "2744",
          "coord2ColorId": "2747",
          "whiteColorId": "2681",
        },
        "description": Array [
          "Subdued",
          "Muted",
          "Brilliant",
          "Radiant",
        ],
        "green": 192,
        "hex": "#e3c0cf",
        "hue": 0.9285714285714285,
        "id": "2249",
        "isDark": false,
        "isExterior": true,
        "isInterior": true,
        "lightness": 0.8215686274509804,
        "lrv": 58.608,
        "name": "Irresistible",
        "red": 227,
        "saturation": 0.3846153846153844,
        "similarColors": Array [
          "2256",
          "2531",
          "2539",
          "2535",
          "2532",
          "2543",
          "2263",
          "2662",
          "1975",
          "2270",
        ],
        "storeStripLocator": "102-C2",
      }
    }
    key="2249"
  />
  <withRouter(ColorStripSwatch)
    active={false}
    color={
      Object {
        "blue": 173,
        "brandKey": "SW",
        "colorFamilyNames": Array [
          "Red",
        ],
        "colorNumber": "6563",
        "coordinatingColors": Object {
          "coord1ColorId": "2977",
          "coord2ColorId": "2976",
          "whiteColorId": "2681",
        },
        "description": Array [
          "Subdued",
          "Muted",
          "Pale",
        ],
        "green": 154,
        "hex": "#cb9aad",
        "hue": 0.9353741496598639,
        "id": "2250",
        "isDark": false,
        "isExterior": true,
        "isInterior": true,
        "lightness": 0.7,
        "lrv": 38.899,
        "name": "Rosebay",
        "red": 203,
        "saturation": 0.32026143790849665,
        "similarColors": Array [
          "2882",
          "2257",
          "1976",
          "2540",
          "1983",
          "2536",
          "2533",
          "2537",
          "2523",
          "2264",
        ],
        "storeStripLocator": "102-C3",
      }
    }
    key="2250"
  />
  <withRouter(ColorStripSwatch)
    active={false}
    color={
      Object {
        "blue": 147,
        "brandKey": "SW",
        "brandedCollectionNames": Array [
          "Senior Living Color Collection",
        ],
        "colorFamilyNames": Array [
          "Red",
        ],
        "colorNumber": "6564",
        "coordinatingColors": Object {
          "coord1ColorId": "2759",
          "coord2ColorId": "2980",
          "whiteColorId": "2681",
        },
        "description": Array [
          "Diluted",
          "Wan",
          "Bright",
          "Glowing",
        ],
        "green": 126,
        "hex": "#b87e93",
        "hue": 0.9396551724137931,
        "id": "2251",
        "isDark": false,
        "isExterior": true,
        "isInterior": true,
        "lightness": 0.607843137254902,
        "lrv": 27.156,
        "name": "Red Clover",
        "red": 184,
        "saturation": 0.29,
        "similarColors": Array [
          "2258",
          "11178",
          "2538",
          "2265",
          "2541",
          "2534",
          "2537",
          "1976",
          "1977",
          "2664",
        ],
        "storeStripLocator": "102-C4",
      }
    }
    key="2251"
  />
  <withRouter(ColorStripSwatch)
    active={false}
    color={
      Object {
        "blue": 111,
        "brandKey": "SW",
        "brandedCollectionNames": Array [
          "Lifestyle",
        ],
        "colorFamilyNames": Array [
          "Red",
        ],
        "colorNumber": "6565",
        "coordinatingColors": Object {
          "coord1ColorId": "1708",
          "coord2ColorId": "1705",
          "whiteColorId": "2681",
        },
        "description": Array [
          "Diluted",
          "Wan",
          "Moderately Bright",
        ],
        "green": 87,
        "hex": "#92576f",
        "hue": 0.9322033898305085,
        "id": "2252",
        "isDark": true,
        "isExterior": true,
        "isInterior": true,
        "lightness": 0.4568627450980392,
        "lrv": 14.131,
        "name": "Grandeur Plum",
        "red": 146,
        "saturation": 0.25321888412017163,
        "similarColors": Array [
          "1978",
          "2259",
          "1985",
          "1971",
          "2665",
          "1970",
          "2260",
          "2528",
          "1991",
          "1984",
        ],
        "storeStripLocator": "102-C5",
      }
    }
    key="2252"
  />
  <withRouter(ColorStripSwatch)
    active={false}
    color={
      Object {
        "blue": 104,
        "brandKey": "SW",
        "brandedCollectionNames": Array [
          "Lifestyle",
        ],
        "colorFamilyNames": Array [
          "Red",
        ],
        "colorNumber": "6841",
        "coordinatingColors": Object {
          "coord1ColorId": "11364",
          "coord2ColorId": "11212",
          "whiteColorId": "2681",
        },
        "description": Array [
          "Fairly Colorful",
          "Moderately Colorful",
          "Moderately Bright",
        ],
        "green": 61,
        "hex": "#953d68",
        "hue": 0.9185606060606061,
        "id": "2528",
        "isDark": true,
        "isExterior": true,
        "isInterior": true,
        "lightness": 0.411764705882353,
        "lrv": 10.731,
        "name": "Dynamo",
        "red": 149,
        "saturation": 0.419047619047619,
        "similarColors": Array [
          "2529",
          "2260",
          "2253",
          "2665",
          "2530",
          "2252",
          "2267",
          "2259",
          "2527",
          "1978",
        ],
        "storeStripLocator": "102-C6",
      }
    }
    key="2528"
  />
  <withRouter(ColorStripSwatch)
    active={false}
    color={
      Object {
        "blue": 91,
        "brandKey": "SW",
        "colorFamilyNames": Array [
          "Red",
        ],
        "colorNumber": "6842",
        "coordinatingColors": Object {
          "coord1ColorId": "2695",
          "coord2ColorId": "2699",
          "whiteColorId": "2681",
        },
        "description": Array [
          "Fairly Colorful",
          "Moderately Colorful",
          "Dusky",
          "Fairly Dark",
        ],
        "green": 52,
        "hex": "#92345b",
        "hue": 0.9308510638297872,
        "id": "2529",
        "isDark": true,
        "isExterior": true,
        "isInterior": true,
        "lightness": 0.388235294117647,
        "lrv": 9.299,
        "name": "Forward Fuchsia",
        "red": 146,
        "saturation": 0.47474747474747475,
        "similarColors": Array [
          "2528",
          "2260",
          "2253",
          "2267",
          "2530",
          "3071",
          "1979",
          "2274",
          "1999",
          "2549",
        ],
        "storeStripLocator": "102-C7",
      }
    }
    key="2529"
  />
</ul>
`;
