// Jest Snapshot v1, https://goo.gl/fbAQLP

exports[`ExpertColorDetails rendering should match snapshot 1`] = `
<div
  className="prism-expert-color-details"
>
  <div
    className="prism-expert-color-details__header"
  >
    <div
      className="prism-expert-color-details__header__title"
    >
      Seleted from 
      burning man
    </div>
  </div>
  <div
    className="prism-expert-color-details__top__section"
  >
    <div
      className="prism-expert-color-details__content__wrapper"
      style={
        Object {
          "backgroundColor": "#cdd2d2",
          "color": "#000",
        }
      }
    >
      <div
        className="prism-expert-color-details__content__wrapper__color-number"
      >
        SW 90210 
      </div>
      <div
        className="prism-expert-color-details__content__wrapper__color-name"
      >
        Bobafett
      </div>
      <button
        onClick={[Function]}
      >
        <FontAwesomeIcon
          border={false}
          className="prism-expert-color-details__content__wrapper__toggle-check-icons"
          fixedWidth={false}
          flip={null}
          icon={
            Object {
              "icon": Array [
                512,
                512,
                Array [],
                "f055",
                "M384 250v12c0 6.6-5.4 12-12 12h-98v98c0 6.6-5.4 12-12 12h-12c-6.6 0-12-5.4-12-12v-98h-98c-6.6 0-12-5.4-12-12v-12c0-6.6 5.4-12 12-12h98v-98c0-6.6 5.4-12 12-12h12c6.6 0 12 5.4 12 12v98h98c6.6 0 12 5.4 12 12zm120 6c0 137-111 248-248 248S8 393 8 256 119 8 256 8s248 111 248 248zm-32 0c0-119.9-97.3-216-216-216-119.9 0-216 97.3-216 216 0 119.9 97.3 216 216 216 119.9 0 216-97.3 216-216z",
              ],
              "iconName": "plus-circle",
              "prefix": "fal",
            }
          }
          inverse={false}
          listItem={false}
          mask={null}
          pull={null}
          pulse={false}
          rotation={null}
          size={null}
          spin={false}
          style={
            Object {
              "color": "#000",
            }
          }
          symbol={false}
          title=""
          transform={null}
        />
      </button>
    </div>
  </div>
  <div
    className="prism-expert-color-details__bottom__section"
  />
</div>
`;
