// Jest Snapshot v1, https://goo.gl/fbAQLP

exports[`ColorCollectionsTab should match snapshot 1`] = `
<div
  className="color-collections__tab-list-select"
>
  <span
    className="color-collections__tab-list-heading"
  >
    Choose a Collection
  </span>
  <span
    className="color-collections__tab-list-dropdown-mobile"
    onClick={[Function]}
    onKeyDown={[Function]}
    role="button"
    tabIndex="-1"
  >
    Most Popular
  </span>
  <ul
    className="color-collections__tab-list color-collections__tab-list--inactive"
  >
    <li
      className="color-collections__tab-list-item color-collections__tab-list-item--active"
      data-testid="tab1"
      key="tab1"
      onClick={[Function]}
      onKeyDown={[Function]}
      role="presentation"
    >
      Most Popular
    </li>
    <li
      className="color-collections__tab-list-item "
      data-testid="tab2"
      key="tab2"
      onClick={[Function]}
      onKeyDown={[Function]}
      role="presentation"
    >
      Color ID
    </li>
    <li
      className="color-collections__tab-list-item "
      data-testid="tab3"
      key="tab3"
      onClick={[Function]}
      onKeyDown={[Function]}
      role="presentation"
    >
      Our Finest Whites
    </li>
    <li
      className="color-collections__tab-list-item "
      data-testid="tab4"
      key="tab4"
      onClick={[Function]}
      onKeyDown={[Function]}
      role="presentation"
    >
      Color Forecast
    </li>
    <li
      className="color-collections__tab-list-item "
      data-testid="tab5"
      key="tab5"
      onClick={[Function]}
      onKeyDown={[Function]}
      role="presentation"
    >
      Pottery Barn
    </li>
    <li
      className="color-collections__tab-list-item "
      data-testid="tab6"
      key="tab6"
      onClick={[Function]}
      onKeyDown={[Function]}
      role="presentation"
    >
      West Elm
    </li>
    <li
      className="color-collections__tab-list-item "
      data-testid="tab7"
      key="tab7"
      onClick={[Function]}
      onKeyDown={[Function]}
      role="presentation"
    >
      Lifestyle
    </li>
    <li
      className="color-collections__tab-list-item "
      data-testid="tab8"
      key="tab8"
      onClick={[Function]}
      onKeyDown={[Function]}
      role="presentation"
    >
      Kids' Colors
    </li>
  </ul>
</div>
`;
