// Jest Snapshot v1, https://goo.gl/fbAQLP

exports[`Search with colors prop should match snapshot 1`] = `
<div
  className="prism-search"
>
  <form
    onSubmit={[Function]}
  >
    <input
      className="prism-search__input"
      onInput={[Function]}
      placeholder="Color name, number, or family"
      type="search"
    />
  </form>
  <p>
    'Enter a color name, number or family in the text field above.'
  </p>
</div>
`;

exports[`Search with empty colors prop should match snapshot 1`] = `
<div
  className="prism-search"
>
  <form
    onSubmit={[Function]}
  >
    <input
      className="prism-search__input"
      onInput={[Function]}
      placeholder="Color name, number, or family"
      type="search"
    />
  </form>
  <p>
    'Enter a color name, number or family in the text field above.'
  </p>
</div>
`;
