// Jest Snapshot v1, https://goo.gl/fbAQLP

exports[`Search with colors prop should match snapshot 1`] = `
<div
  className="Search"
>
  <form
    className="Search__search-form"
    onSubmit={[Function]}
  >
    <ForwardRef
      onClearSearch={[Function]}
      onSearchInput={[Function]}
    />
    <Memo(Bar)>
      <Memo(Button)
        onClick={[Function]}
      >
        <FormattedMessage
          id="CANCEL"
          values={Object {}}
        />
      </Memo(Button)>
    </Memo(Bar)>
  </form>
  <div
    className="Search__results-pane"
  >
    <GenericMessage
      type="WARNING"
    >
      <FormattedMessage
        id="SEARCH.NO_RESULTS"
        values={Object {}}
      />
    </GenericMessage>
  </div>
</div>
`;

exports[`Search with empty colors prop should match snapshot 1`] = `
<div
  className="Search"
>
  <form
    className="Search__search-form"
    onSubmit={[Function]}
  >
    <ForwardRef
      onClearSearch={[Function]}
      onSearchInput={[Function]}
    />
    <Memo(Bar)>
      <Memo(Button)
        onClick={[Function]}
      >
        <FormattedMessage
          id="CANCEL"
          values={Object {}}
        />
      </Memo(Button)>
    </Memo(Bar)>
  </form>
  <div
    className="Search__results-pane"
  >
    <GenericMessage
      type="WARNING"
    >
      <FormattedMessage
        id="SEARCH.NO_RESULTS"
        values={Object {}}
      />
    </GenericMessage>
  </div>
</div>
`;
