// Jest Snapshot v1, https://goo.gl/fbAQLP

exports[`Search with colors prop should match snapshot 1`] = `
<div
  className="Search"
>
  <form
    className="Search__search-form"
    onSubmit={[Function]}
  >
    <SearchBar
      onClearSearch={[Function]}
      onSearchInput={[Function]}
    />
    <Bar>
      <Button>
        <FormattedMessage
          id="CANCEL"
          values={Object {}}
        />
      </Button>
    </Bar>
  </form>
  <div
    className="Search__results-pane"
  >
    <GenericMessage
      type="WARNING"
    >
      <FormattedMessage
        id="SEARCH_NO_RESULTS"
        values={Object {}}
      />
    </GenericMessage>
  </div>
</div>
`;

exports[`Search with empty colors prop should match snapshot 1`] = `
<div
  className="Search"
>
  <form
    className="Search__search-form"
    onSubmit={[Function]}
  >
    <SearchBar
      onClearSearch={[Function]}
      onSearchInput={[Function]}
    />
    <Bar>
      <Button>
        <FormattedMessage
          id="CANCEL"
          values={Object {}}
        />
      </Button>
    </Bar>
  </form>
  <div
    className="Search__results-pane"
  >
    <GenericMessage
      type="WARNING"
    >
      <FormattedMessage
        id="SEARCH_NO_RESULTS"
        values={Object {}}
      />
    </GenericMessage>
  </div>
</div>
`;
