// Jest Snapshot v1, https://goo.gl/fbAQLP

exports[`SimilarColors component with props SimilarColors Snapshot with props 1`] = `
<Fragment>
  <h5
    className="visually-hidden"
  >
    <FormattedMessage
      id="SIMILAR_COLORS"
      values={Object {}}
    />
  </h5>
  <ul
    className="color-info__similar-colors"
  >
    <SimilarColorSwatch
      color={
        Object {
          "blue": 221,
          "brandKey": "SW",
          "brandedCollectionNames": Array [
            "Pottery Barn Fall/Winter 2018",
            "Pottery Barn Fall/Winter 2018",
          ],
          "colorFamilyNames": Array [
            "Red",
          ],
          "colorNumber": "6568",
          "coordinatingColors": Object {
            "coord1ColorId": "2687",
            "coord2ColorId": "11244",
            "whiteColorId": "2681",
          },
          "description": Array [
            "Subdued",
            "Muted",
            "Brilliant",
            "Radiant",
          ],
          "green": 213,
          "hex": "#edd5dd",
          "hue": 0.9444444444444445,
          "id": "2255",
          "isDark": false,
          "isExterior": true,
          "isInterior": true,
          "lightness": 0.8823529411764706,
          "lrv": 70.758,
          "name": "Lighthearted Pink",
          "red": 237,
          "saturation": 0.3999999999999999,
          "similarColors": Array [
            "2248",
            "2262",
            "2269",
            "2276",
            "1974",
            "1981",
            "2658",
            "1995",
            "2662",
            "1988",
          ],
          "storeStripLocator": "103-C1",
        }
      }
      key="2255"
    />
    <SimilarColorSwatch
      color={
        Object {
          "blue": 218,
          "brandKey": "SW",
          "colorFamilyNames": Array [
            "Red",
          ],
          "colorNumber": "6575",
          "coordinatingColors": Object {
            "coord1ColorId": "2952",
            "coord2ColorId": "2755",
            "whiteColorId": "2681",
          },
          "description": Array [
            "Soft",
            "Brilliant",
            "Radiant",
          ],
          "green": 211,
          "hex": "#f1d3da",
          "hue": 0.9611111111111111,
          "id": "2262",
          "isDark": false,
          "isExterior": true,
          "isInterior": true,
          "lightness": 0.8862745098039215,
          "lrv": 70.62,
          "name": "Priscilla",
          "red": 241,
          "saturation": 0.5172413793103448,
          "similarColors": Array [
            "2269",
            "2248",
            "2255",
            "2276",
            "2543",
            "2535",
            "1995",
            "1988",
            "2662",
            "1981",
          ],
          "storeStripLocator": "104-C1",
        }
      }
      key="2262"
    />
    <SimilarColorSwatch
      color={
        Object {
          "blue": 215,
          "brandKey": "SW",
          "colorFamilyNames": Array [
            "Red",
          ],
          "colorNumber": "6582",
          "coordinatingColors": Object {
            "coord1ColorId": "2686",
            "coord2ColorId": "2416",
            "whiteColorId": "2681",
          },
          "description": Array [
            "Soft",
            "Brilliant",
            "Radiant",
          ],
          "green": 210,
          "hex": "#f1d2d7",
          "hue": 0.9731182795698924,
          "id": "2269",
          "isDark": false,
          "isExterior": true,
          "isInterior": true,
          "lightness": 0.884313725490196,
          "lrv": 69.699,
          "name": "Impatiens Petal",
          "red": 241,
          "saturation": 0.5254237288135593,
          "similarColors": Array [
            "2262",
            "2276",
            "2248",
            "2255",
            "2543",
            "1995",
            "2535",
            "1988",
            "2002",
            "1981",
          ],
          "storeStripLocator": "105-C1",
        }
      }
      key="2269"
    />
    <SimilarColorSwatch
      color={
        Object {
          "blue": 221,
          "brandKey": "SW",
          "colorFamilyNames": Array [
            "SW6976_COLOR_FAMILY_NAME",
          ],
          "colorNumber": "6976",
          "coordinatingColors": Object {
            "coord1ColorId": "1628",
            "coord2ColorId": "2071",
          },
          "description": Array [
            "Subdued",
            "Muted",
            "Brilliant",
            "Radiant",
          ],
          "green": 204,
          "hex": "#e6ccdd",
          "hue": 0.891025641025641,
          "id": "2662",
          "isDark": false,
          "isExterior": true,
          "isInterior": true,
          "lightness": 0.8509803921568628,
          "lrv": 65.078,
          "name": "Vanity Pink",
          "red": 230,
          "saturation": 0.34210526315789486,
          "similarColors": Array [
            "2531",
            "2248",
            "2522",
            "2535",
            "2249",
            "2658",
            "2255",
            "2262",
            "2256",
            "2539",
          ],
        }
      }
      key="2662"
    />
    <SimilarColorSwatch
      color={
        Object {
          "blue": 213,
          "brandKey": "SW",
          "colorFamilyNames": Array [
            "SW6848_COLOR_FAMILY_NAME",
          ],
          "colorNumber": "6848",
          "coordinatingColors": Object {
            "coord1ColorId": "2583",
            "coord2ColorId": "2867",
          },
          "description": Array [
            "Soft",
            "Brilliant",
            "Radiant",
          ],
          "green": 201,
          "hex": "#edc9d5",
          "hue": 0.9444444444444443,
          "id": "2535",
          "isDark": false,
          "isExterior": true,
          "isInterior": true,
          "lightness": 0.8588235294117648,
          "lrv": 64.433,
          "name": "Panache Pink",
          "red": 237,
          "saturation": 0.5000000000000004,
          "similarColors": Array [
            "2543",
            "2539",
            "2531",
            "2256",
            "2249",
            "2262",
            "2263",
            "2248",
            "2269",
            "2662",
          ],
        }
      }
      key="2535"
    />
    <SimilarColorSwatch
      color={
        Object {
          "blue": 215,
          "brandKey": "SW",
          "brandedCollectionNames": Array [
            "Kids' Colors",
          ],
          "colorFamilyNames": Array [
            "Red",
          ],
          "colorNumber": "6589",
          "coordinatingColors": Object {
            "coord1ColorId": "2765",
            "coord2ColorId": "11262",
            "whiteColorId": "2681",
          },
          "description": Array [
            "Soft",
            "Brilliant",
            "Radiant",
          ],
          "green": 213,
          "hex": "#f2d5d7",
          "hue": 0.9885057471264368,
          "id": "2276",
          "isDark": false,
          "isExterior": true,
          "isInterior": true,
          "lightness": 0.892156862745098,
          "lrv": 71.119,
          "name": "Alyssum",
          "red": 242,
          "saturation": 0.5272727272727267,
          "similarColors": Array [
            "2269",
            "1995",
            "2262",
            "1988",
            "2002",
            "2255",
            "1981",
            "2248",
            "2774",
            "2275",
          ],
          "storeStripLocator": "106-C1",
        }
      }
      key="2276"
    />
    <SimilarColorSwatch
      color={
        Object {
          "blue": 226,
          "brandKey": "SW",
          "colorFamilyNames": Array [
            "SW6972_COLOR_FAMILY_NAME",
          ],
          "colorNumber": "6972",
          "coordinatingColors": Object {
            "coord1ColorId": "1943",
            "coord2ColorId": "2825",
          },
          "description": Array [
            "Diluted",
            "Wan",
            "Brilliant",
            "Radiant",
          ],
          "green": 212,
          "hex": "#e4d4e2",
          "hue": 0.854166666666667,
          "id": "2658",
          "isDark": false,
          "isExterior": true,
          "isInterior": true,
          "lightness": 0.8627450980392157,
          "lrv": 69.199,
          "name": "Joyful Lilac",
          "red": 228,
          "saturation": 0.22857142857142865,
          "similarColors": Array [
            "2521",
            "2255",
            "2522",
            "2248",
            "2662",
            "2242",
            "2507",
            "1967",
            "1974",
            "2515",
          ],
        }
      }
      key="2658"
    />
    <SimilarColorSwatch
      color={
        Object {
          "blue": 209,
          "brandKey": "SW",
          "brandedCollectionNames": Array [
            "Pottery Barn Fall/Winter 2018",
            "Pottery Barn Fall/Winter 2018",
          ],
          "colorFamilyNames": Array [
            "Red",
          ],
          "colorNumber": "6288",
          "coordinatingColors": Object {
            "coord1ColorId": "1975",
            "coord2ColorId": "11256",
            "whiteColorId": "2681",
          },
          "description": Array [
            "Diluted",
            "Wan",
            "Brilliant",
            "Radiant",
          ],
          "green": 205,
          "hex": "#e0cdd1",
          "hue": 0.9649122807017544,
          "id": "1974",
          "isDark": false,
          "isExterior": true,
          "isInterior": true,
          "lightness": 0.8411764705882353,
          "lrv": 64.293,
          "name": "Rosebud",
          "red": 224,
          "saturation": 0.23456790123456778,
          "similarColors": Array [
            "1981",
            "1967",
            "2255",
            "1995",
            "1988",
            "2248",
            "2276",
            "2275",
            "2002",
            "2269",
          ],
          "storeStripLocator": "109-C1",
        }
      }
      key="1974"
    />
    <SimilarColorSwatch
      color={
        Object {
          "blue": 211,
          "brandKey": "SW",
          "colorFamilyNames": Array [
            "SW6856_COLOR_FAMILY_NAME",
          ],
          "colorNumber": "6856",
          "coordinatingColors": Object {
            "coord1ColorId": "1691",
            "coord2ColorId": "1714",
          },
          "description": Array [
            "Soft",
            "Brilliant",
            "Radiant",
          ],
          "green": 202,
          "hex": "#f1cad3",
          "hue": 0.9615384615384616,
          "id": "2543",
          "isDark": false,
          "isExterior": true,
          "isInterior": true,
          "lightness": 0.8686274509803922,
          "lrv": 65.596,
          "name": "Reverie Pink",
          "red": 241,
          "saturation": 0.5820895522388061,
          "similarColors": Array [
            "2535",
            "2539",
            "2263",
            "2256",
            "2269",
            "2262",
            "2277",
            "2249",
            "2531",
            "2248",
          ],
        }
      }
      key="2543"
    />
    <SimilarColorSwatch
      color={
        Object {
          "blue": 218,
          "brandKey": "SW",
          "colorFamilyNames": Array [
            "SW6844_COLOR_FAMILY_NAME",
          ],
          "colorNumber": "6844",
          "coordinatingColors": Object {
            "coord1ColorId": "2885",
            "coord2ColorId": "2883",
          },
          "description": Array [
            "Fairly Colorful",
            "Moderately Colorful",
            "Brilliant",
            "Radiant",
          ],
          "green": 200,
          "hex": "#eac8da",
          "hue": 0.9117647058823529,
          "id": "2531",
          "isDark": false,
          "isExterior": true,
          "isInterior": true,
          "lightness": 0.8509803921568627,
          "lrv": 63.577,
          "name": "Merry Pink",
          "red": 234,
          "saturation": 0.4473684210526314,
          "similarColors": Array [
            "2249",
            "2535",
            "2662",
            "2256",
            "2539",
            "2543",
            "2532",
            "2248",
            "2263",
            "2262",
          ],
        }
      }
      key="2531"
    />
  </ul>
</Fragment>
`;
