// Jest Snapshot v1, https://goo.gl/fbAQLP

exports[` 1`] = `
<div
  className="prism-slick-carousel__wrapper"
>
  <div
    className="prism-slick-carousel__wrapper__content"
  >
    <div
      className="prism-slick-carousel__wrapper__content__prev-btn__wrapper"
    >
      <button
        className="prism-slick-carousel__wrapper__content__buttons prism-slick-carousel__wrapper__content__buttons--visible"
        onClick={[Function]}
      >
        <FontAwesomeIcon
          border={false}
          className=""
          fixedWidth={false}
          flip={null}
          icon={
            Array [
              "fa",
              "chevron-left",
            ]
          }
          inverse={false}
          listItem={false}
          mask={null}
          pull={null}
          pulse={false}
          rotation={null}
          size={null}
          spin={false}
          swapOpacity={false}
          symbol={false}
          title=""
          transform={null}
        />
      </button>
    </div>
    <div
      className="prism-slick-carousel__wrapper__content__list__wrapper "
    >
      <div
        className="collection-list__container  "
        style={
          Object {
            "transform": "translateX(-0%)",
          }
        }
      />
    </div>
    <div
      className="prism-slick-carousel__wrapper__content__next-btn__wrapper"
    >
      <button
        className="prism-slick-carousel__wrapper__content__buttons prism-slick-carousel__wrapper__content__buttons--visible"
        onClick={[Function]}
      >
        <FontAwesomeIcon
          border={false}
          className=""
          fixedWidth={false}
          flip={null}
          icon={
            Array [
              "fa",
              "chevron-right",
            ]
          }
          inverse={false}
          listItem={false}
          mask={null}
          pull={null}
          pulse={false}
          rotation={null}
          size={null}
          spin={false}
          swapOpacity={false}
          symbol={false}
          title=""
          transform={null}
        />
      </button>
    </div>
  </div>
  <div
    className="prism-slick-carousel__wrapper__indicators"
  />
</div>
`;
