// Jest Snapshot v1, https://goo.gl/fbAQLP

exports[`ConfirmationModal with props should match snapshot with props 1`] = `
<div
  className="confirmation-modal__wrapper confirmation-modal__wrapper--active"
>
  <div
    className="confirmation-modal__container"
  >
    <p
      className="confirmation-modal__content"
    >
      The photo content will be lost if you close. Make sure the colors you want to keep have been added to your palette. Do you still want to close?
    </p>
    <Link
      to="/active"
    >
      <button
        className="confirmation-modal__button"
      >
        YES
      </button>
    </Link>
    <button
      className="confirmation-modal__button"
      onClick={[MockFunction]}
    >
      NO
    </button>
  </div>
</div>
`;
