// Jest Snapshot v1, https://goo.gl/fbAQLP

exports[`MatchPhoto with props should match snapshot with props 1`] = `
<Fragment>
  <div
    className="match-photo__wrapper"
  >
    <div
      className="match-photo__container"
    >
      <FileInput
        disabled={false}
        id="photoInput"
        onChange={[Function]}
        placeholder="Select image"
      />
      <div
        className="match-photo__header"
      />
    </div>
  </div>
  <hr />
</Fragment>
`;
