// Jest Snapshot v1, https://goo.gl/fbAQLP

exports[`snapshot testing for activeslot component  ActiveSlot component should match snapshot 1`] = `
<Memo()
  backend={[Function]}
>
  <RootFinder>
    <ActiveSlot
      color={
        Object {
          "blue": 219,
          "brandKey": "SW",
          "colorFamilyNames": Array [
            "Red",
          ],
          "colorNumber": "6561",
          "coordinatingColors": Object {
            "coord1ColorId": 2250,
            "coord2ColorId": 1926,
            "whiteColorId": 2681,
          },
          "cssrgb": "rgb(235,209,219)",
          "description": Array [
            "Subdued",
            "Muted",
            "Brilliant",
            "Radiant",
          ],
          "green": 209,
          "hex": "#ebd1db",
          "hue": 0.935897435897436,
          "id": "2248",
          "isDark": false,
          "isExterior": true,
          "isInterior": true,
          "lightness": 0.8705882352941177,
          "lrv": 68.551,
          "name": "Teaberry",
          "red": 235,
          "rgb": 15454683,
          "saturation": 0.39393939393939387,
          "similarColors": Array [
            "2255",
            "2262",
            "2269",
            "2662",
            "2535",
            "2276",
            "2658",
            "1974",
            "2543",
            "2531",
          ],
          "storeStripLocator": "102-C1",
        }
      }
      connectDragSource={[MockFunction]}
      connectDropTarget={[MockFunction]}
    >
      <div
        className="prism-live-palette__slot  "
        onClick={[Function]}
        onKeyDown={[Function]}
        role="button"
        style={
          Object {
            "backgroundColor": "#ebd1db",
            "opacity": 1,
          }
        }
        tabIndex="-1"
      >
        <div
          className="prism-live-palette__color-details prism-live-palette__color-details--dark-color"
        >
          <span
            className="prism-live-palette__color-number"
          >
            SW 6561 
          </span>
          <span
            className="prism-live-palette__color-name"
          >
            Teaberry
          </span>
          <span
            className="prism-live-palette__color-description"
          >
            Subdued, Muted, Brilliant, Radiant
          </span>
          <button
            className="prism-live-palette__trash"
            onClick={[Function]}
          >
            <FontAwesomeIcon
              border={false}
              className=""
              fixedWidth={false}
              flip={null}
              icon={
                Array [
                  "fa",
                  "trash",
                ]
              }
              inverse={false}
              listItem={false}
              mask={null}
              pull={null}
              pulse={false}
              rotation={null}
              size="1x"
              spin={false}
              symbol={false}
              title=""
              transform={null}
            />
          </button>
        </div>
      </div>
    </ActiveSlot>
  </RootFinder>
</Memo()>
`;
