// Jest Snapshot v1, https://goo.gl/fbAQLP

exports[`<ColorWallButton /> testing true 1`] = `
Array [
  <input
    className="color-wall-button"
    id="family-All"
    name="selectedFamily"
    onChange={[Function]}
    type="radio"
    value="All"
  />,
  <label
    className="color-wall-label"
    htmlFor="family-All"
  >
    All
  </label>,
]
`;
