// Jest Snapshot v1, https://goo.gl/fbAQLP

exports[`CollectionDetail should match snapshot 1`] = `
<div
  className="collection-detail__wrapper"
>
  <div
    className="collection-detail__info"
  >
    <img
      alt=""
      className="collection-detail__cover"
      src="https://www.sherwin-williams.com/dist/cvt/assets/images/collections/2019-shapeshifter-thumb.jpg"
    />
    <div
      className="collection-detail__description"
    />
    <a
      className="collection-detail__learn-more"
      href="https://"
    >
      LEARN MORE ABOUT THIS COLLECTION
    </a>
  </div>
  <div
    className="collection-detail__color-list"
  >
    <div
      className="collection-detail__color-list-vertical"
    >
      <AutoSizer
        disableHeight={false}
        disableWidth={false}
        onResize={[Function]}
        style={Object {}}
      >
        <Component />
      </AutoSizer>
    </div>
    <div
      className="collection-detail__vertical-controls"
    >
      <div
        className="collection-detail__trigger collection-detail__previous-trigger"
        onClick={[Function]}
        role="presentation"
      >
        <FontAwesomeIcon
          border={false}
          className=""
          fixedWidth={false}
          flip={null}
          icon={
            Array [
              "fa",
              "angle-up",
            ]
          }
          inverse={false}
          listItem={false}
          mask={null}
          pull={null}
          pulse={false}
          rotation={null}
          size={null}
          spin={false}
          symbol={false}
          title=""
          transform={null}
        />
      </div>
      <div
        className="collection-detail__trigger collection-detail__next-trigger"
        onClick={[Function]}
        role="presentation"
      >
        <FontAwesomeIcon
          border={false}
          className=""
          fixedWidth={false}
          flip={null}
          icon={
            Array [
              "fa",
              "angle-down",
            ]
          }
          inverse={false}
          listItem={false}
          mask={null}
          pull={null}
          pulse={false}
          rotation={null}
          size={null}
          spin={false}
          symbol={false}
          title=""
          transform={null}
        />
      </div>
    </div>
  </div>
</div>
`;
