// Jest Snapshot v1, https://goo.gl/fbAQLP

exports[`snapshot testing should match snaphshot 1`] = `
<ColorsFromImage>
  <div
    className="CFIwrapper "
    onMouseMove={[Function]}
  >
    <canvas
      className="CFIcanvas"
    />
    <img
      alt=""
      className="CFIimage"
      onError={[Function]}
      onLoad={[Function]}
      src="/prism/images/colors-from-image/frog.png"
    />
    <ColorsFromImagePin
      RGBstring="rgb(0,0,0)"
      isActiveFlag={false}
      key="1"
      onClickMethod={[Function]}
      pinType="preview"
      previewColorName=""
      previewColorNumber=""
      transformValue="translate(0px, 0px)"
    >
      <button
        className="pin--preview__wrapper pin__wrapper "
        onClick={[Function]}
        style={
          Object {
            "transform": "translate(0px, 0px)",
          }
        }
      >
        <span
          className="pin__chip"
          style={
            Object {
              "background": "rgb(0,0,0)",
            }
          }
        />
        <div
          className="pin__name-wrapper"
        >
          <span
            className="pin__copy pin__name"
          />
          <span
            className="pin__copy pin__number"
          >
            SW 
          </span>
        </div>
      </button>
    </ColorsFromImagePin>
  </div>
</ColorsFromImage>
`;
