// Jest Snapshot v1, https://goo.gl/fbAQLP

exports[`Prism routes should match snapshot 1`] = `
<Fragment>
  <withRouter(undefined) />
  <hr />
  <Route
    component={[Function]}
    exact={true}
    path="/"
  />
  <Route
    component={
      Object {
        "$$typeof": Symbol(react.memo),
        "WrappedComponent": [Function],
        "baseClass": "prism-scene-manager",
        "compare": null,
        "displayName": "Connect(SceneManager)",
        "type": [Function],
      }
    }
    exact={true}
    path="/active"
  />
  <Route
    component={[Function]}
    path="/active/color-wall(/.*)?"
  />
  <Route
    component={[Function]}
    exact={true}
    path="/active/color/:colorId/:colorSEO"
  />
  <Route
    component={
      Object {
        "$$typeof": Symbol(react.memo),
        "WrappedComponent": [Function],
        "compare": null,
        "displayName": "Connect(FastMask)",
        "type": [Function],
      }
    }
    exact={true}
    path="/fast-mask"
  />
  <Connect(LivePalette) />
</Fragment>
`;
