// Jest Snapshot v1, https://goo.gl/fbAQLP

exports[`PrismNav component with props should match snapshot 1`] = `
<Fragment>
  <button
    className="prism-nav-btn prism-nav-btn--active"
    onClick={[Function]}
  >
    Scenes
  </button>
  <button
    className="prism-nav-btn "
    onClick={[Function]}
  >
    Color Wall
  </button>
  <button
    className="prism-nav-btn "
    onClick={[Function]}
  >
    Color From Image
  </button>
  <button
    className="prism-nav-btn "
    onClick={[Function]}
  >
    Color Collections
  </button>
  <button
    className="prism-nav-btn "
    onClick={[Function]}
  >
    Expert Colors
  </button>
  <button
    className="prism-nav-btn "
    onClick={[Function]}
  >
    Match Photo
  </button>
  <button
    className="prism-nav-btn "
    onClick={[Function]}
  >
    Paint a Scene
  </button>
  <button
    className="prism-nav-btn "
    onClick={[Function]}
  >
    Fast Mask
  </button>
</Fragment>
`;
