// Jest Snapshot v1, https://goo.gl/fbAQLP

exports[`AddButton should match snapshot 1`] = `
<button
  onClick={[MockFunction]}
>
  <FontAwesomeIcon
    border={false}
    className=""
    fixedWidth={false}
    flip={null}
    icon="plus"
    inverse={false}
    listItem={false}
    mask={null}
    pull={null}
    pulse={false}
    rotation={null}
    size="1x"
    spin={false}
    symbol={false}
    title=""
    transform={null}
  />
</button>
`;

exports[`AddButton with onAdd undefined should match snapshot 1`] = `""`;
