// Jest Snapshot v1, https://goo.gl/fbAQLP

exports[`snapshot testing should get correct snapshot 1`] = `
<Memo()
  backend={[Function]}
>
  <div
    className="prism-scene-manager"
  >

    >
      <button
        className="prism-scene-manager__btn prism-scene-manager__btn--active"
        key="1"
        onClick={[Function]}
        type="button"
      >

            Array [
              "fa",
              "check",
            ]
          }
          inverse={false}
          listItem={false}
          mask={null}
          pull={null}
          pulse={false}
          rotation={null}
          size={null}
          spin={false}
          symbol={false}
          title=""
          transform={null}
        />
      </button>
      <button
        className="prism-scene-manager__btn "
        key="2"
        onClick={[Function]}
        type="button"
      >

      >

      >

      <div
        className="prism-scene-manager__scene-wrapper"
        key="1"
      >
        <ImagePreloader

          el={[Function]}
          height={792}
          imageValueCurve="0 0.1 0.15 0.25 0.4 0.5 0.6 0.7 0.84 0.955 1"
          interactive={true}
          onUpdateColor={[Function]}
          preload={
            Array [

              undefined,
              undefined,

              undefined,
              undefined,

              undefined,
              undefined,

              undefined,
              undefined,

              undefined,
              undefined,

              undefined,
              undefined,
            ]
          }

          surfaceStatus={
            Array [
              Object {
                "id": 1,
              },
              Object {
                "id": 2,
              },
              Object {
                "id": 3,
              },
            ]
          }
          surfaces={
            Array [
              Object {
                "hitArea": "/prism/images/scenes/rooms/2/m1.svg",
                "id": 1,

                "role": "main",
              },
              Object {
                "hitArea": "/prism/images/scenes/rooms/2/m2.svg",
                "id": 2,

                "role": "main",
              },
              Object {
                "hitArea": "/prism/images/scenes/rooms/2/m3.svg",
                "id": 3,

                "role": "trim",
              },
            ]
          }
          type="rooms"
          updateCurrentSceneInfo={[Function]}
          width={1311}
        />
        <DayNight
          currentVariant="day"
          onChange={[Function]}
          sceneId={1}
          variants={
            Array [
              "day",
              "night",
            ]
          }
        />
      </div>
    </div>
  </div>
</Memo()>
`;
