// Jest Snapshot v1, https://goo.gl/fbAQLP

exports[`snapshot test ColorWallSwatchRenderer should match the Snapshot 1`] = `
<div
  className="color-wall-swatches__swatch"
  role="presentation"
>
  <div
    className="color-swatch-inner "
    style={
      Object {
        "background": undefined,
      }
    }
  />
</div>
`;
