// Jest Snapshot v1, https://goo.gl/fbAQLP

exports[`Color Details Container Component should rendering correctly it should match snapshot and rendering corretly 1`] = `
<Fragment>
  <div
    className="color-detail-view"
  >
    <InjectIntl(ColorChipMaximizer)
      color="2248"
    />
    <div
      className="color-detail__scene-wrapper  color-detail__scene-wrapper--displayed"
    >
      <Connect(SceneManager)
        interactive={false}
        mainColor="2248"
        maxActiveScenes={1}
      />
    </div>
    <div
      className="color-detail__info-wrapper"
    >
      <button
        className="color-info__display-toggle-button color-info__scene-display-toggle-button color-info__display-toggle-button--active"
        onClick={[Function]}
      >
        <FontAwesomeIcon
          border={false}
          className="color-info__display-toggles-icon color-info__display-toggles-icon--scene"
          color="#000000"
          fixedWidth={false}
          flip={null}
          icon={
            Array [
              "fal",
              "home",
            ]
          }
          inverse={false}
          listItem={false}
          mask={null}
          pull={null}
          pulse={false}
          rotation={null}
          size={null}
          spin={false}
          symbol={false}
          title=""
          transform={null}
        />
        <div
          className="color-info__scene-toggle-copy"
        >
          <FormattedMessage
            id="DISPLAY_SCENE_PAINTER"
            values={Object {}}
          />
        </div>
      </button>
      <button
        className="color-info__display-toggle-button color-info__scene-display-toggle-button color-info__scene-display-toggle-button--alt color-info__display-toggle-button--active"
        onClick={[Function]}
      >
        <FontAwesomeIcon
          border={false}
          className="color-info__display-toggles-icon color-info__display-toggles-icon--scene"
          color="#000000"
          fixedWidth={false}
          flip={null}
          icon={
            Array [
              "fas",
              "home",
            ]
          }
          inverse={false}
          listItem={false}
          mask={null}
          pull={null}
          pulse={false}
          rotation={null}
          size={null}
          spin={false}
          symbol={false}
          title=""
          transform={null}
        />
        <div
          className="color-info__scene-toggle-copy"
        >
          <FormattedMessage
            id="HIDE_SCENE_PAINTER"
            values={Object {}}
          />
        </div>
      </button>
      <div
        className="color-info__main-info"
        style={
          Object {
            "backgroundColor": undefined,
          }
        }
      >
        <ColorViewer
          color="2248"
        />
        <withRouter(ColorStrip)
          color="2248"
          colors={
            Object {
              "blue": 219,
              "brandKey": "SW",
              "colorFamilyNames": Array [
                "Red",
              ],
              "colorNumber": "6561",
              "coordinatingColors": Object {
                "coord1ColorId": 2250,
                "coord2ColorId": 1926,
                "whiteColorId": 2681,
              },
              "cssrgb": "rgb(235,209,219)",
              "description": Array [
                "Subdued",
                "Muted",
                "Brilliant",
                "Radiant",
              ],
              "green": 209,
              "hex": "#ebd1db",
              "hue": 0.935897435897436,
              "id": "2248",
              "isDark": false,
              "isExterior": true,
              "isInterior": true,
              "lightness": 0.8705882352941177,
              "lrv": 68.551,
              "name": "Teaberry",
              "red": 235,
              "rgb": 15454683,
              "saturation": 0.39393939393939387,
              "similarColors": Array [
                "2255",
                "2262",
                "2269",
                "2662",
                "2535",
                "2276",
                "2658",
                "1974",
                "2543",
                "2531",
              ],
              "storeStripLocator": "102-C1",
            }
          }
        />
      </div>
      <div
        className="color-info__additional-info"
      >
        <Tabs
          defaultFocus={false}
          defaultIndex={null}
          forceRenderTabPanel={false}
          onSelect={[Function]}
          selectedIndex={null}
        >
          <TabList
            className="color-info__tab-list"
            style={
              Object {
                "backgroundColor": undefined,
              }
            }
          >
            <Tab
              className="color-info__tab "
              disabledClassName="react-tabs__tab--disabled"
              focus={false}
              id={null}
              panelId={null}
              selected={false}
              selectedClassName="react-tabs__tab--selected"
            >
              <div
                className="color-info__tab-copy"
              >
                <FormattedMessage
                  id="COORDINATING_COLORS"
                  values={Object {}}
                />
              </div>
            </Tab>
            <Tab
              className="color-info__tab "
              disabledClassName="react-tabs__tab--disabled"
              focus={false}
              id={null}
              panelId={null}
              selected={false}
              selectedClassName="react-tabs__tab--selected"
            >
              <div
                className="color-info__tab-copy"
              >
                <FormattedMessage
                  id="SIMILAR_COLORS"
                  values={Object {}}
                />
              </div>
            </Tab>
            <Tab
              className="color-info__tab "
              disabledClassName="react-tabs__tab--disabled"
              focus={false}
              id={null}
              panelId={null}
              selected={false}
              selectedClassName="react-tabs__tab--selected"
            >
              <div
                className="color-info__tab-copy"
              >
                <FormattedMessage
                  id="DETAILS"
                  values={Object {}}
                />
              </div>
            </Tab>
          </TabList>
          <TabPanel
            className="color-info__tab-panel"
            forceRender={false}
            selectedClassName="react-tabs__tab-panel--selected"
          >
            <CoordinatingColors
              color="2248"
              colors={
                Object {
                  "blue": 219,
                  "brandKey": "SW",
                  "colorFamilyNames": Array [
                    "Red",
                  ],
                  "colorNumber": "6561",
                  "coordinatingColors": Object {
                    "coord1ColorId": 2250,
                    "coord2ColorId": 1926,
                    "whiteColorId": 2681,
                  },
                  "cssrgb": "rgb(235,209,219)",
                  "description": Array [
                    "Subdued",
                    "Muted",
                    "Brilliant",
                    "Radiant",
                  ],
                  "green": 209,
                  "hex": "#ebd1db",
                  "hue": 0.935897435897436,
                  "id": "2248",
                  "isDark": false,
                  "isExterior": true,
                  "isInterior": true,
                  "lightness": 0.8705882352941177,
                  "lrv": 68.551,
                  "name": "Teaberry",
                  "red": 235,
                  "rgb": 15454683,
                  "saturation": 0.39393939393939387,
                  "similarColors": Array [
                    "2255",
                    "2262",
                    "2269",
                    "2662",
                    "2535",
                    "2276",
                    "2658",
                    "1974",
                    "2543",
                    "2531",
                  ],
                  "storeStripLocator": "102-C1",
                }
              }
            />
          </TabPanel>
          <TabPanel
            className="color-info__tab-panel"
            forceRender={false}
            selectedClassName="react-tabs__tab-panel--selected"
          >
            <SimilarColors
              color="2248"
              colors={
                Object {
                  "blue": 219,
                  "brandKey": "SW",
                  "colorFamilyNames": Array [
                    "Red",
                  ],
                  "colorNumber": "6561",
                  "coordinatingColors": Object {
                    "coord1ColorId": 2250,
                    "coord2ColorId": 1926,
                    "whiteColorId": 2681,
                  },
                  "cssrgb": "rgb(235,209,219)",
                  "description": Array [
                    "Subdued",
                    "Muted",
                    "Brilliant",
                    "Radiant",
                  ],
                  "green": 209,
                  "hex": "#ebd1db",
                  "hue": 0.935897435897436,
                  "id": "2248",
                  "isDark": false,
                  "isExterior": true,
                  "isInterior": true,
                  "lightness": 0.8705882352941177,
                  "lrv": 68.551,
                  "name": "Teaberry",
                  "red": 235,
                  "rgb": 15454683,
                  "saturation": 0.39393939393939387,
                  "similarColors": Array [
                    "2255",
                    "2262",
                    "2269",
                    "2662",
                    "2535",
                    "2276",
                    "2658",
                    "1974",
                    "2543",
                    "2531",
                  ],
                  "storeStripLocator": "102-C1",
                }
              }
            />
          </TabPanel>
          <TabPanel
            className="color-info__tab-panel color-info__tab-panel-details"
            forceRender={false}
            selectedClassName="react-tabs__tab-panel--selected"
          >
            <ColorInfo
              color="2248"
            />
          </TabPanel>
        </Tabs>
      </div>
    </div>
  </div>
  <LiveMessage
    aria-live="polite"
    message="You are now on the undefined color detail page."
  />
  <LiveMessage
    aria-live="polite"
    clearOnUnmount="true"
    message=""
  />
  <LiveMessage
    aria-live="assertive"
    clearOnUnmount="true"
    message=""
  />
</Fragment>
`;
