// Jest Snapshot v1, https://goo.gl/fbAQLP

exports[`snapshot match testing should match snapshot 1`] = `
<div
  className="color-wall-mode-btns"
>
  <div
    className="color-wall-mode-btns__col"
  >
    <div
      className="color-wall-mode-btns__cell"
    >
      <Bar>
        <Button
          to="/active/color-wall/color/2248/sw-6561-teaberry/"
        >
          <FontAwesomeIcon
            border={false}
            className=""
            fixedWidth={true}
            flip={null}
            icon={
              Array [
                "fal",
                "th-large",
              ]
            }
            inverse={false}
            listItem={false}
            mask={null}
            pull="left"
            pulse={false}
            rotation={null}
            size={null}
            spin={false}
            swapOpacity={false}
            symbol={false}
            title=""
            transform={null}
          />
          <FormattedMessage
            id="BACK_TO_COLOR_WALL"
            values={Object {}}
          />
        </Button>
      </Bar>
    </div>
  </div>
</div>
`;
