// Jest Snapshot v1, https://goo.gl/fbAQLP

exports[`snapshot match testing snapshot testing 1`] = `
<div
  className="scene__image__wrapper"
  onClick={[Function]}
  role="presentation"
>
  <canvas
    className="scene__image__wrapper__canvas"
    name="canvas"
  />
  <img
    alt=""
    className="scene__image__wrapper__image"
    onError={[Function]}
    onLoad={[Function]}
    src="src/images/inspirational-photos/green-thumb/GreenThumb1.jpg"
  />
</div>
`;
