// Jest Snapshot v1, https://goo.gl/fbAQLP

exports[`CoordinatingColors component with props CoordinatingColors Snapshot with props 1`] = `
<Fragment>
  <h5
    className="visually-hidden"
  >
    <FormattedMessage
      id="COORDINATING_COLORS"
      values={Object {}}
    />
  </h5>
  <ul
    className="color-info__coord-colors"
  >
    <CoordinatingColorSwatch />
    <CoordinatingColorSwatch />
    <CoordinatingColorSwatch />
  </ul>
</Fragment>
`;
